```
2025-02-02T16:07:27.783402-08:00 DESKTOP-U6U7C75 kernel: weston[152]: segfault at 28 ip 00007f8fc9c48cbe sp 00007ffd6a60f0b0 error 4 in libwayland-server.so.0.21.0[7f8fc9c44000+9000]
2025-02-05T01:27:20.237962-08:00 DESKTOP-U6U7C75 snapd[19895]: stateengine.go:161: state ensure error: decode new commands catalog: net/http: request canceled (Client.Timeout or context cancellation while reading body)
2025-02-05T15:36:18.577162-08:00 DESKTOP-U6U7C75 systemd[1]: apport-autoreport.path - Process error reports when automatic reporting is enabled (file watch) was skipped because of an unmet condition check (ConditionPathExists=/var/lib/apport/autoreport).
2025-02-05T15:36:18.577170-08:00 DESKTOP-U6U7C75 systemd[1]: apport-autoreport.timer - Process error reports when automatic reporting is enabled (timer based) was skipped because of an unmet condition check (ConditionPathExists=/var/lib/apport/autoreport).
2025-02-05T15:36:18.579150-08:00 DESKTOP-U6U7C75 kernel: EXT4-fs (sdc): mounted filesystem with ordered data mode. Opts: discard,errors=remount-ro,data=ordered. Quota mode: none.
2025-02-05T15:36:18.579210-08:00 DESKTOP-U6U7C75 kernel: EXT4-fs (sde): mounted filesystem with ordered data mode. Opts: discard,errors=remount-ro,data=ordered. Quota mode: none.
2025-02-05T15:37:41.275108-08:00 DESKTOP-U6U7C75 kernel: EXT4-fs (sde): mounted filesystem with ordered data mode. Opts: discard,errors=remount-ro,data=ordered. Quota mode: none.
2025-02-05T15:37:41.275925-08:00 DESKTOP-U6U7C75 systemd[1]: apport-autoreport.path - Process error reports when automatic reporting is enabled (file watch) was skipped because of an unmet condition check (ConditionPathExists=/var/lib/apport/autoreport).
2025-02-05T15:37:41.275937-08:00 DESKTOP-U6U7C75 systemd[1]: apport-autoreport.timer - Process error reports when automatic reporting is enabled (timer based) was skipped because of an unmet condition check (ConditionPathExists=/var/lib/apport/autoreport).
2025-02-05T15:37:46.358317-08:00 DESKTOP-U6U7C75 containerd[417]: time="2025-02-05T15:37:46.356308582-08:00" level=info msg="skip loading plugin \"io.containerd.snapshotter.v1.aufs\"..." error="aufs is not supported (modprobe aufs failed: exit status 1 \"modprobe: FATAL: Module aufs not found in directory /lib/modules/5.15.167.4-microsoft-standard-WSL2\\n\"): skip plugin" type=io.containerd.snapshotter.v1
2025-02-05T15:37:46.362182-08:00 DESKTOP-U6U7C75 containerd[417]: time="2025-02-05T15:37:46.361844868-08:00" level=info msg="skip loading plugin \"io.containerd.snapshotter.v1.blockfile\"..." error="no scratch file generator: skip plugin" type=io.containerd.snapshotter.v1
2025-02-05T15:37:46.362713-08:00 DESKTOP-U6U7C75 containerd[417]: time="2025-02-05T15:37:46.362449211-08:00" level=info msg="skip loading plugin \"io.containerd.snapshotter.v1.btrfs\"..." error="path /var/lib/containerd/io.containerd.snapshotter.v1.btrfs (ext4) must be a btrfs filesystem to be used with the btrfs snapshotter: skip plugin" type=io.containerd.snapshotter.v1
2025-02-05T15:37:46.363539-08:00 DESKTOP-U6U7C75 containerd[417]: time="2025-02-05T15:37:46.362534917-08:00" level=info msg="skip loading plugin \"io.containerd.snapshotter.v1.devmapper\"..." error="devmapper not configured: skip plugin" type=io.containerd.snapshotter.v1
2025-02-05T15:37:46.420474-08:00 DESKTOP-U6U7C75 containerd[417]: time="2025-02-05T15:37:46.409127572-08:00" level=info msg="skip loading plugin \"io.containerd.snapshotter.v1.zfs\"..." error="path /var/lib/containerd/io.containerd.snapshotter.v1.zfs must be a zfs filesystem to be used with the zfs snapshotter: skip plugin" type=io.containerd.snapshotter.v1
2025-02-05T15:37:46.801798-08:00 DESKTOP-U6U7C75 containerd[417]: time="2025-02-05T15:37:46.599492474-08:00" level=info msg="skip loading plugin \"io.containerd.tracing.processor.v1.otlp\"..." error="skip plugin: tracing endpoint not configured" type=io.containerd.tracing.processor.v1
2025-02-05T15:37:46.801905-08:00 DESKTOP-U6U7C75 containerd[417]: time="2025-02-05T15:37:46.599596682-08:00" level=info msg="skip loading plugin \"io.containerd.internal.v1.tracing\"..." error="skip plugin: tracing endpoint not configured" type=io.containerd.internal.v1
2025-02-05T15:38:13.095246-08:00 DESKTOP-U6U7C75 snapd[376]: stateengine.go:161: state ensure error: decode new commands catalog: net/http: request canceled (Client.Timeout or context cancellation while reading body)
2025-02-05T18:41:02.480051-08:00 DESKTOP-U6U7C75 systemd[1]: apport-autoreport.path - Process error reports when automatic reporting is enabled (file watch) was skipped because of an unmet condition check (ConditionPathExists=/var/lib/apport/autoreport).
2025-02-05T18:41:02.480061-08:00 DESKTOP-U6U7C75 systemd[1]: apport-autoreport.timer - Process error reports when automatic reporting is enabled (timer based) was skipped because of an unmet condition check (ConditionPathExists=/var/lib/apport/autoreport).
2025-02-05T18:41:02.495288-08:00 DESKTOP-U6U7C75 kernel: EXT4-fs (sdc): mounted filesystem with ordered data mode. Opts: discard,errors=remount-ro,data=ordered. Quota mode: none.
2025-02-05T18:41:03.904618-08:00 DESKTOP-U6U7C75 containerd[247]: time="2025-02-05T18:41:03.903585700-08:00" level=info msg="skip loading plugin \"io.containerd.snapshotter.v1.aufs\"..." error="aufs is not supported (modprobe aufs failed: exit status 1 \"modprobe: FATAL: Module aufs not found in directory /lib/modules/5.15.167.4-microsoft-standard-WSL2\\n\"): skip plugin" type=io.containerd.snapshotter.v1
2025-02-05T18:41:03.906664-08:00 DESKTOP-U6U7C75 containerd[247]: time="2025-02-05T18:41:03.906120500-08:00" level=info msg="skip loading plugin \"io.containerd.snapshotter.v1.blockfile\"..." error="no scratch file generator: skip plugin" type=io.containerd.snapshotter.v1
2025-02-05T18:41:03.906747-08:00 DESKTOP-U6U7C75 containerd[247]: time="2025-02-05T18:41:03.906520200-08:00" level=info msg="skip loading plugin \"io.containerd.snapshotter.v1.btrfs\"..." error="path /var/lib/containerd/io.containerd.snapshotter.v1.btrfs (ext4) must be a btrfs filesystem to be used with the btrfs snapshotter: skip plugin" type=io.containerd.snapshotter.v1
2025-02-05T18:41:03.907765-08:00 DESKTOP-U6U7C75 containerd[247]: time="2025-02-05T18:41:03.906568100-08:00" level=info msg="skip loading plugin \"io.containerd.snapshotter.v1.devmapper\"..." error="devmapper not configured: skip plugin" type=io.containerd.snapshotter.v1
2025-02-05T18:41:03.920874-08:00 DESKTOP-U6U7C75 containerd[247]: time="2025-02-05T18:41:03.920538500-08:00" level=info msg="skip loading plugin \"io.containerd.snapshotter.v1.zfs\"..." error="path /var/lib/containerd/io.containerd.snapshotter.v1.zfs must be a zfs filesystem to be used with the zfs snapshotter: skip plugin" type=io.containerd.snapshotter.v1
2025-02-05T18:41:03.983743-08:00 DESKTOP-U6U7C75 containerd[247]: time="2025-02-05T18:41:03.983299000-08:00" level=info msg="skip loading plugin \"io.containerd.tracing.processor.v1.otlp\"..." error="skip plugin: tracing endpoint not configured" type=io.containerd.tracing.processor.v1
2025-02-05T18:41:03.983858-08:00 DESKTOP-U6U7C75 containerd[247]: time="2025-02-05T18:41:03.983342300-08:00" level=info msg="skip loading plugin \"io.containerd.internal.v1.tracing\"..." error="skip plugin: tracing endpoint not configured" type=io.containerd.internal.v1
2025-02-05T18:41:07.026866-08:00 DESKTOP-U6U7C75 kernel: EXT4-fs (sdd): mounted filesystem with ordered data mode. Opts: discard,errors=remount-ro,data=ordered. Quota mode: none.
2025-02-05T18:41:50.545454-08:00 DESKTOP-U6U7C75 systemd[1]: apport-autoreport.path - Process error reports when automatic reporting is enabled (file watch) was skipped because of an unmet condition check (ConditionPathExists=/var/lib/apport/autoreport).
2025-02-05T18:41:50.545465-08:00 DESKTOP-U6U7C75 systemd[1]: apport-autoreport.timer - Process error reports when automatic reporting is enabled (timer based) was skipped because of an unmet condition check (ConditionPathExists=/var/lib/apport/autoreport).
2025-02-05T18:41:50.553820-08:00 DESKTOP-U6U7C75 kernel: EXT4-fs (sdc): mounted filesystem with ordered data mode. Opts: discard,errors=remount-ro,data=ordered. Quota mode: none.
2025-02-05T18:41:50.553836-08:00 DESKTOP-U6U7C75 kernel: EXT4-fs (sdd): mounted filesystem with ordered data mode. Opts: discard,errors=remount-ro,data=ordered. Quota mode: none.
2025-02-05T18:41:52.145962-08:00 DESKTOP-U6U7C75 containerd[268]: time="2025-02-05T18:41:52.145779532-08:00" level=info msg="skip loading plugin \"io.containerd.snapshotter.v1.aufs\"..." error="aufs is not supported (modprobe aufs failed: exit status 1 \"modprobe: FATAL: Module aufs not found in directory /lib/modules/5.15.167.4-microsoft-standard-WSL2\\n\"): skip plugin" type=io.containerd.snapshotter.v1
2025-02-05T18:41:52.156772-08:00 DESKTOP-U6U7C75 containerd[268]: time="2025-02-05T18:41:52.153451532-08:00" level=info msg="skip loading plugin \"io.containerd.snapshotter.v1.blockfile\"..." error="no scratch file generator: skip plugin" type=io.containerd.snapshotter.v1
2025-02-05T18:41:52.156834-08:00 DESKTOP-U6U7C75 containerd[268]: time="2025-02-05T18:41:52.154474032-08:00" level=info msg="skip loading plugin \"io.containerd.snapshotter.v1.btrfs\"..." error="path /var/lib/containerd/io.containerd.snapshotter.v1.btrfs (ext4) must be a btrfs filesystem to be used with the btrfs snapshotter: skip plugin" type=io.containerd.snapshotter.v1
2025-02-05T18:41:52.156907-08:00 DESKTOP-U6U7C75 containerd[268]: time="2025-02-05T18:41:52.154547432-08:00" level=info msg="skip loading plugin \"io.containerd.snapshotter.v1.devmapper\"..." error="devmapper not configured: skip plugin" type=io.containerd.snapshotter.v1
2025-02-05T18:41:52.159747-08:00 DESKTOP-U6U7C75 containerd[268]: time="2025-02-05T18:41:52.157818632-08:00" level=info msg="skip loading plugin \"io.containerd.snapshotter.v1.zfs\"..." error="path /var/lib/containerd/io.containerd.snapshotter.v1.zfs must be a zfs filesystem to be used with the zfs snapshotter: skip plugin" type=io.containerd.snapshotter.v1
2025-02-05T18:41:52.234296-08:00 DESKTOP-U6U7C75 containerd[268]: time="2025-02-05T18:41:52.231180232-08:00" level=info msg="skip loading plugin \"io.containerd.tracing.processor.v1.otlp\"..." error="skip plugin: tracing endpoint not configured" type=io.containerd.tracing.processor.v1
2025-02-05T18:41:52.234381-08:00 DESKTOP-U6U7C75 containerd[268]: time="2025-02-05T18:41:52.231222232-08:00" level=info msg="skip loading plugin \"io.containerd.internal.v1.tracing\"..." error="skip plugin: tracing endpoint not configured" type=io.containerd.internal.v1
2025-02-07T00:18:59.219660-08:00 DESKTOP-U6U7C75 snapd[238]: stateengine.go:161: state ensure error: decode new commands catalog: context deadline exceeded (Client.Timeout or context cancellation while reading body)
grep: (standard input): binary file matches
```
